   1: procedure sa();
lineno:1: PROCEDURE procedure
lineno:1: ID sa
lineno:1: LPAR (
lineno:1: RPAR )
lineno:1: SEMI ;
   2: procedure pri();
lineno:2: PROCEDURE procedure
lineno:2: ID pri
lineno:2: LPAR (
lineno:2: RPAR )
lineno:2: SEMI ;
   3: var he: array [10] of integer;
lineno:3: VAR var
lineno:3: ID he
lineno:3: COLON :
lineno:3: ARRAY array
lineno:3: LBRA [
lineno:3: UNS 10
lineno:3: RBRA ]
lineno:3: OF of
lineno:3: INTEGER integer
lineno:3: SEMI ;
   4: pe:array [10] of integer;
lineno:4: ID pe
lineno:4: COLON :
lineno:4: ARRAY array
lineno:4: LBRA [
lineno:4: UNS 10
lineno:4: RBRA ]
lineno:4: OF of
lineno:4: INTEGER integer
lineno:4: SEMI ;
   5: i,j:integer;
lineno:5: ID i
lineno:5: COMMA ,
lineno:5: ID j
lineno:5: COLON :
lineno:5: INTEGER integer
lineno:5: SEMI ;
   6: 
   7: function f(n:integer):integer;
lineno:7: FUNCTION function
lineno:7: ID f
lineno:7: LPAR (
lineno:7: ID n
lineno:7: COLON :
lineno:7: INTEGER integer
lineno:7: RPAR )
lineno:7: COLON :
lineno:7: INTEGER integer
lineno:7: SEMI ;
   8: begin if n<3 then f:=n else f:=n*f(n-1) end;
lineno:8: BEGIN begin
lineno:8: IF if
lineno:8: ID n
lineno:8: LST <
lineno:8: UNS 3
lineno:8: THEN then
lineno:8: ID f
lineno:8: ASSIGN :=
lineno:8: ID n
lineno:8: ELSE else
lineno:8: ID f
lineno:8: ASSIGN :=
lineno:8: ID n
lineno:8: STAR *
lineno:8: ID f
lineno:8: LPAR (
lineno:8: ID n
lineno:8: MINUS -
lineno:8: UNS 1
lineno:8: RPAR )
lineno:8: END end
lineno:8: SEMI ;
   9: 
  10: procedure prr();
lineno:10: PROCEDURE procedure
lineno:10: ID prr
lineno:10: LPAR (
lineno:10: RPAR )
lineno:10: SEMI ;
  11: begin he[1]:=2;he[he[1]]:=2;pe[he[1]]:=he[he[1]]; write(pe[he[1]]);i:=i+j end;
lineno:11: BEGIN begin
lineno:11: ID he
lineno:11: LBRA [
lineno:11: UNS 1
lineno:11: RBRA ]
lineno:11: ASSIGN :=
lineno:11: UNS 2
lineno:11: SEMI ;
lineno:11: ID he
lineno:11: LBRA [
lineno:11: ID he
lineno:11: LBRA [
lineno:11: UNS 1
lineno:11: RBRA ]
lineno:11: RBRA ]
lineno:11: ASSIGN :=
lineno:11: UNS 2
lineno:11: SEMI ;
lineno:11: ID pe
lineno:11: LBRA [
lineno:11: ID he
lineno:11: LBRA [
lineno:11: UNS 1
lineno:11: RBRA ]
lineno:11: RBRA ]
lineno:11: ASSIGN :=
lineno:11: ID he
lineno:11: LBRA [
lineno:11: ID he
lineno:11: LBRA [
lineno:11: UNS 1
lineno:11: RBRA ]
lineno:11: RBRA ]
lineno:11: SEMI ;
lineno:11: WRITE write
lineno:11: LPAR (
lineno:11: ID pe
lineno:11: LBRA [
lineno:11: ID he
lineno:11: LBRA [
lineno:11: UNS 1
lineno:11: RBRA ]
lineno:11: RBRA ]
lineno:11: RPAR )
lineno:11: SEMI ;
lineno:11: ID i
lineno:11: ASSIGN :=
lineno:11: ID i
lineno:11: PLUS +
lineno:11: ID j
lineno:11: END end
lineno:11: SEMI ;
  12: 
  13: begin prr();write(f(6) / pe[he[1]]); end;
lineno:13: BEGIN begin
lineno:13: ID prr
lineno:13: LPAR (
lineno:13: RPAR )
lineno:13: SEMI ;
lineno:13: WRITE write
lineno:13: LPAR (
lineno:13: ID f
lineno:13: LPAR (
lineno:13: UNS 6
lineno:13: RPAR )
lineno:13: OVER /
lineno:13: ID pe
lineno:13: LBRA [
lineno:13: ID he
lineno:13: LBRA [
lineno:13: UNS 1
lineno:13: RBRA ]
lineno:13: RBRA ]
lineno:13: RPAR )
lineno:13: SEMI ;
lineno:13: END end
lineno:13: SEMI ;
  14: begin pri() end;
lineno:14: BEGIN begin
lineno:14: ID pri
lineno:14: LPAR (
lineno:14: RPAR )
lineno:14: END end
lineno:14: SEMI ;
  15: 
  16: procedure prn();
lineno:16: PROCEDURE procedure
lineno:16: ID prn
lineno:16: LPAR (
lineno:16: RPAR )
lineno:16: SEMI ;
  17: var he:integer;
lineno:17: VAR var
lineno:17: ID he
lineno:17: COLON :
lineno:17: INTEGER integer
lineno:17: SEMI ;
  18: procedure fe(var i:integer);
lineno:18: PROCEDURE procedure
lineno:18: ID fe
lineno:18: LPAR (
lineno:18: VAR var
lineno:18: ID i
lineno:18: COLON :
lineno:18: INTEGER integer
lineno:18: RPAR )
lineno:18: SEMI ;
  19: begin i:=22; end;
lineno:19: BEGIN begin
lineno:19: ID i
lineno:19: ASSIGN :=
lineno:19: UNS 22
lineno:19: SEMI ;
lineno:19: END end
lineno:19: SEMI ;
  20: begin fe(he); write(he) end;
lineno:20: BEGIN begin
lineno:20: ID fe
lineno:20: LPAR (
lineno:20: ID he
lineno:20: RPAR )
lineno:20: SEMI ;
lineno:20: WRITE write
lineno:20: LPAR (
lineno:20: ID he
lineno:20: RPAR )
lineno:20: END end
lineno:20: SEMI ;
  21: 
  22: begin sa(); prn() end.
lineno:22: BEGIN begin
lineno:22: ID sa
lineno:22: LPAR (
lineno:22: RPAR )
lineno:22: SEMI ;
lineno:22: ID prn
lineno:22: LPAR (
lineno:22: RPAR )
lineno:22: END end
lineno:22: DOT .
  23: 
  24: {result: 2}
  25: {result: 360}
  26: {result: 22}
lineno:27: ENDFILE 
